
> substrat@ build /Users/markus/Projects/private/substrat-op-health
> pnpm -r --filter='!./.builder/projects/**' build

No projects matched the filters "/Users/markus/Projects/private/substrat-op-health/.builder/projects/**" in "/Users/markus/Projects/private/substrat-op-health"
Scope: 64 of 65 workspace projects
apps/docs build$ vitepress build
demos/manyfold/app build$ tsc -p tsconfig.json --noEmit && vite build
demos/meridian/app build$ tsc -p tsconfig.json --noEmit && vite build
demos/rally/admin build$ tsc -p tsconfig.json --noEmit && vite build
apps/docs build:   vitepress v1.6.4
apps/docs build: - building client + server bundles...
demos/rally/admin build: vite v6.4.3 building for production...
demos/meridian/app build: vite v6.4.3 building for production...
demos/manyfold/app build: vite v6.4.3 building for production...
demos/rally/admin build: transforming...
demos/meridian/app build: transforming...
demos/manyfold/app build: transforming...
demos/rally/admin build: ✓ 30 modules transformed.
demos/rally/admin build: rendering chunks...
demos/meridian/app build: ✓ 35 modules transformed.
demos/rally/admin build: computing gzip size...
demos/rally/admin build: dist/index.html                   0.76 kB │ gzip:  0.43 kB
demos/rally/admin build: dist/assets/index-B-W0abTO.css    8.05 kB │ gzip:  2.28 kB
demos/rally/admin build: dist/assets/index-C6HXEbeA.js   175.53 kB │ gzip: 55.35 kB
demos/rally/admin build: ✓ built in 647ms
demos/rally/admin build: Done
demos/rally/app build$ tsc -p tsconfig.json --noEmit && vite build
demos/manyfold/app build: ✓ 37 modules transformed.
demos/meridian/app build: rendering chunks...
demos/meridian/app build: computing gzip size...
demos/meridian/app build: dist/index.html                   0.77 kB │ gzip:  0.42 kB
demos/meridian/app build: dist/assets/index-By46KSVN.css   10.26 kB │ gzip:  2.77 kB
demos/meridian/app build: dist/assets/index-DuM9Bo9X.js   215.04 kB │ gzip: 64.23 kB
demos/meridian/app build: ✓ built in 777ms
demos/meridian/app build: Done
demos/shop/admin build$ tsc -p tsconfig.json --noEmit && vite build
demos/manyfold/app build: rendering chunks...
demos/manyfold/app build: computing gzip size...
demos/manyfold/app build: dist/index.html                   0.77 kB │ gzip:  0.41 kB
demos/manyfold/app build: dist/assets/index-CJrJMX73.css    2.65 kB │ gzip:  0.89 kB
demos/manyfold/app build: dist/assets/index-BX3OGx55.js   264.77 kB │ gzip: 77.43 kB
demos/manyfold/app build: ✓ built in 838ms
demos/manyfold/app build: Done
demos/ticket0/app build$ tsc -p tsconfig.json --noEmit && vite build
demos/rally/app build: vite v6.4.3 building for production...
demos/rally/app build: transforming...
demos/shop/admin build: vite v6.4.3 building for production...
demos/shop/admin build: transforming...
demos/ticket0/app build: vite v6.4.3 building for production...
demos/ticket0/app build: transforming...
demos/rally/app build: ✓ 28 modules transformed.
demos/rally/app build: rendering chunks...
demos/rally/app build: computing gzip size...
demos/rally/app build: dist/index.html                   0.80 kB │ gzip:  0.44 kB
demos/rally/app build: dist/assets/index-zrWwAn8d.css    4.78 kB │ gzip:  1.49 kB
demos/rally/app build: dist/assets/index-B2I1ya3E.js   168.73 kB │ gzip: 53.44 kB
demos/rally/app build: ✓ built in 3.91s
demos/rally/app build: Done
demos/tock/app build$ tsc -p tsconfig.json --noEmit && vite build
demos/shop/admin build: ✓ 34 modules transformed.
demos/shop/admin build: rendering chunks...
demos/shop/admin build: computing gzip size...
demos/shop/admin build: dist/index.html                   0.42 kB │ gzip:  0.30 kB
demos/shop/admin build: dist/assets/index-CQID8ItW.css   10.01 kB │ gzip:  2.64 kB
demos/shop/admin build: dist/assets/index-CJ-g7ew1.js   163.43 kB │ gzip: 51.59 kB
demos/shop/admin build: ✓ built in 3.66s
demos/shop/admin build: Done
packages/adapter-email build$ tsc -p tsconfig.json
packages/adapter-email build: Done
packages/boundary-lint build$ tsc -p tsconfig.json
demos/ticket0/app build: ✓ 41 modules transformed.
packages/boundary-lint build: Done
packages/builder-workspace build$ tsc -p tsconfig.json
demos/ticket0/app build: rendering chunks...
demos/ticket0/app build: computing gzip size...
demos/ticket0/app build: dist/index.html                   0.70 kB │ gzip:  0.37 kB
demos/ticket0/app build: dist/assets/index-BV0AL2U5.css    3.87 kB │ gzip:  1.39 kB
demos/ticket0/app build: dist/assets/index-wIVCKZRb.js   262.44 kB │ gzip: 76.52 kB
demos/ticket0/app build: ✓ built in 4.99s
demos/tock/app build: vite v6.4.3 building for production...
demos/ticket0/app build: Done
packages/contracts build$ tsc -p tsconfig.json
packages/builder-workspace build: Done
packages/oidc-rp build$ tsc -p tsconfig.json
demos/tock/app build: transforming...
packages/oidc-rp build: Done
packages/psl build$ tsc -p tsconfig.json
packages/psl build: Done
packages/contracts build: Done
demos/tock/app build: ✓ 30 modules transformed.
demos/tock/app build: rendering chunks...
demos/tock/app build: computing gzip size...
demos/tock/app build: dist/index.html                   0.39 kB │ gzip:  0.26 kB
demos/tock/app build: dist/assets/index-B059xCnL.css    3.40 kB │ gzip:  1.27 kB
demos/tock/app build: dist/assets/index-Czb-nivo.js   180.82 kB │ gzip: 57.20 kB
demos/tock/app build: ✓ built in 4.01s
demos/tock/app build: Done
apps/docs build: (!) Some chunks are larger than 500 kB after minification. Consider:
apps/docs build: - Using dynamic import() to code-split the application
apps/docs build: - Use build.rollupOptions.output.manualChunks to improve chunking: https://rollupjs.org/configuration-options/#output-manualchunks
apps/docs build: - Adjust chunk size limit for this warning via build.chunkSizeWarningLimit.
apps/docs build: [32m✓[0m building client + server bundles...
apps/docs build: - rendering pages...
apps/docs build: [32m✓[0m rendering pages...
apps/docs build: build complete in 36.67s.
apps/docs build: Done
demos/callout/app build$ tsc -p tsconfig.json --noEmit && vite build
demos/auth-server/app build$ tsc -p tsconfig.json --noEmit && vite build
demos/shop/app build$ tsc -p tsconfig.json --noEmit && vite build
demos/handlebar/app build$ tsc -p tsconfig.json --noEmit && vite build
demos/shop/app build: vite v6.4.3 building for production...
demos/callout/app build: vite v6.4.3 building for production...
demos/shop/app build: transforming...
demos/callout/app build: transforming...
demos/handlebar/app build: vite v6.4.3 building for production...
demos/handlebar/app build: transforming...
demos/auth-server/app build: vite v6.4.3 building for production...
demos/auth-server/app build: transforming...
demos/callout/app build: ✓ 36 modules transformed.
demos/shop/app build: ✓ 59 modules transformed.
demos/shop/app build: rendering chunks...
demos/callout/app build: rendering chunks...
demos/handlebar/app build: ✓ 36 modules transformed.
demos/shop/app build: computing gzip size...
demos/callout/app build: computing gzip size...
demos/shop/app build: dist/index.html                   0.42 kB │ gzip:  0.30 kB
demos/shop/app build: dist/assets/index-CJ1Vxj2D.css   14.83 kB │ gzip:  3.77 kB
demos/shop/app build: dist/assets/index-C0rp0T9b.js   160.28 kB │ gzip: 51.83 kB
demos/shop/app build: ✓ built in 642ms
demos/callout/app build: dist/index.html                   0.41 kB │ gzip:  0.29 kB
demos/callout/app build: dist/assets/index-BbT_hbGx.css    4.17 kB │ gzip:  1.41 kB
demos/callout/app build: dist/assets/index-B8_5Iyhh.js   178.81 kB │ gzip: 55.40 kB
demos/callout/app build: ✓ built in 641ms
demos/callout/app build: Done
demos/todo/app build$ tsc -p tsconfig.json --noEmit && vite build
demos/shop/app build: Done
packages/builder-generator build$ tsc -p tsconfig.json
demos/handlebar/app build: rendering chunks...
demos/handlebar/app build: computing gzip size...
demos/handlebar/app build: dist/index.html                   0.41 kB │ gzip:  0.28 kB
demos/handlebar/app build: dist/assets/index-BGyYmXrn.css    4.22 kB │ gzip:  1.43 kB
demos/handlebar/app build: dist/assets/index-Ga3HVkth.js   175.28 kB │ gzip: 54.54 kB
demos/handlebar/app build: ✓ built in 648ms
demos/handlebar/app build: Done
packages/kernel build$ tsc -p tsconfig.json
packages/builder-generator build: Done
packages/kernel build: Done
packages/model-emit build$ tsc -p tsconfig.json
packages/model-providers build$ tsc -p tsconfig.json
demos/auth-server/app build: ✓ 209 modules transformed.
demos/todo/app build: vite v6.4.3 building for production...
demos/todo/app build: transforming...
demos/auth-server/app build: rendering chunks...
demos/auth-server/app build: computing gzip size...
demos/auth-server/app build: dist/index.html                                            0.47 kB │ gzip:  0.30 kB
demos/auth-server/app build: dist/assets/geist-mono-latin-wght-normal-XN7g48iV.woff2   23.13 kB
demos/auth-server/app build: dist/assets/geist-latin-wght-normal-BgDaEnEv.woff2        29.40 kB
demos/auth-server/app build: dist/assets/index-Fx8gnXDN.css                            14.98 kB │ gzip:  4.12 kB
demos/auth-server/app build: dist/assets/index-CNbf22NR.js                            296.19 kB │ gzip: 92.79 kB
demos/auth-server/app build: ✓ built in 1.12s
packages/model-emit build: Done
packages/model-view build$ tsc -p tsconfig.json
demos/auth-server/app build: Done
packages/vertical-auth build$ tsc -p tsconfig.json
packages/model-providers build: Done
packages/model-view build: Done
demos/todo/app build: ✓ 57 modules transformed.
demos/todo/app build: rendering chunks...
demos/todo/app build: computing gzip size...
demos/todo/app build: dist/index.html                   0.42 kB │ gzip:  0.29 kB
demos/todo/app build: dist/assets/index-PiTHEAsD.css    2.30 kB │ gzip:  0.86 kB
demos/todo/app build: dist/assets/index-BYYR3aLH.js   156.43 kB │ gzip: 50.47 kB
demos/todo/app build: ✓ built in 610ms
demos/todo/app build: Done
packages/vertical-auth build: Done
apps/dashboard/web build$ tsc -p tsconfig.json --noEmit && vite build
packages/cli build$ tsc -p tsconfig.json
apps/console build$ tsc -p tsconfig.json --noEmit && vite build
apps/builder/web build$ vite build
packages/cli build: Done
packages/contract-tests build$ tsc -p tsconfig.json
apps/builder/web build: vite v6.4.3 building for production...
apps/builder/web build: transforming...
packages/contract-tests build: Done
packages/dev-issuer build$ tsc -p tsconfig.json
apps/console build: vite v6.4.3 building for production...
apps/dashboard/web build: vite v6.4.3 building for production...
apps/console build: transforming...
apps/dashboard/web build: transforming...
packages/dev-issuer build: Done
packages/vertical-host build$ tsc -p tsconfig.json
apps/builder/web build: ✓ 82 modules transformed.
apps/builder/web build: rendering chunks...
apps/builder/web build: computing gzip size...
apps/builder/web build: dist/index.html                   0.58 kB │ gzip:  0.34 kB
apps/builder/web build: dist/assets/index-DaxnftDU.css   29.04 kB │ gzip:  6.17 kB
apps/builder/web build: dist/assets/index-C_PVEk2D.js   278.04 kB │ gzip: 89.94 kB
apps/builder/web build: ✓ built in 1.41s
apps/builder/web build: Done
packages/vertical-host build: Done
apps/console build: ✓ 230 modules transformed.
apps/dashboard/web build: ✓ 198 modules transformed.
apps/console build: rendering chunks...
apps/console build: computing gzip size...
apps/console build: dist/index.html                   0.47 kB │ gzip:   0.30 kB
apps/console build: dist/assets/index-CdSf1j_1.css    5.74 kB │ gzip:   1.91 kB
apps/console build: dist/assets/index-BsTA3uhL.js   434.06 kB │ gzip: 121.99 kB
apps/console build: ✓ built in 2.02s
apps/console build: Done
apps/dashboard/web build: rendering chunks...
apps/dashboard/web build: computing gzip size...
apps/dashboard/web build: dist/index.html                   0.48 kB │ gzip:   0.32 kB
apps/dashboard/web build: dist/assets/index-knGGd4I7.css    6.10 kB │ gzip:   2.00 kB
apps/dashboard/web build: dist/assets/index-BCiQW5eI.js   587.15 kB │ gzip: 155.88 kB
apps/dashboard/web build: (!) Some chunks are larger than 500 kB after minification. Consider:
apps/dashboard/web build: - Using dynamic import() to code-split the application
apps/dashboard/web build: - Use build.rollupOptions.output.manualChunks to improve chunking: https://rollupjs.org/configuration-options/#output-manualchunks
apps/dashboard/web build: - Adjust chunk size limit for this warning via build.chunkSizeWarningLimit.
apps/dashboard/web build: ✓ built in 2.06s
apps/dashboard/web build: Done
packages/adapter-sqlite build$ tsc -p tsconfig.json
packages/adapter-cloudflare build$ tsc -p tsconfig.json
packages/adapter-sqlite build: Done
packages/adapter-cloudflare build: Done
connectors/fortnox build$ tsc -p tsconfig.json
connectors/planima build$ tsc -p tsconfig.json
demos/tock build$ tsc -p tsconfig.json
demos/todo build$ tsc -p tsconfig.json
connectors/fortnox build: Done
packages/control-plane-api build$ tsc -p tsconfig.json
connectors/planima build: Done
packages/engine-test-kit build$ tsc -p tsconfig.json
packages/engine-test-kit build: Done
demos/todo build: Done
demos/tock build: Done
packages/control-plane-api build: Done
engines/invoicing build$ tsc -p tsconfig.json
engines/booking build$ tsc -p tsconfig.json
engines/absence build$ tsc -p tsconfig.json
engines/invites build$ tsc -p tsconfig.json
engines/absence build: Done
engines/metering build$ tsc -p tsconfig.json
engines/invites build: Done
engines/protocol build$ tsc -p tsconfig.json
engines/booking build: Done
engines/workorder build$ tsc -p tsconfig.json
engines/invoicing build: Done
engines/metering build: Done
engines/protocol build: Done
engines/workorder build: Done
apps/builder build$ tsc -p tsconfig.json
connectors/scrive build$ tsc -p tsconfig.json
demos/ticket0 build$ tsc -p tsconfig.json
apps/builder build: Done
connectors/scrive build: Done
demos/ticket0 build: Done
